CREATE DATABASE substr_pg_format with dbcompatibility 'pg';
\c substr_pg_format
show behavior_compat_options;
 behavior_compat_options 
-------------------------
 
(1 row)

CREATE TABLE toasttest(f1 text);
insert into toasttest values(repeat('1234567890',10000));
insert into toasttest values(repeat('1234567890',10000));
--
-- Ensure that some values are uncompressed, to test the faster substring
-- operation used in that case
--
alter table toasttest alter column f1 set storage external;
insert into toasttest values(repeat('1234567890',10000));
insert into toasttest values(repeat('1234567890',10000));
-- If the starting position is zero or less, then return from the start of the string
-- adjusting the length to be consistent with the "negative start" per SQL92.
SELECT substr(f1, -1, 5) from toasttest;
 substr 
--------
 0
 0
 0
 0
(4 rows)

-- If the length is less than zero, an ERROR is thrown.
SELECT substr(f1, 5, -1) from toasttest;
 substr 
--------
 
 
 
 
(4 rows)

-- If no third argument (length) is provided, the length to the end of the
-- string is assumed.
SELECT substr(f1, 99995) from toasttest;
 substr 
--------
 567890
 567890
 567890
 567890
(4 rows)

-- If start plus length is > string length, the result is truncated to
-- string length
SELECT substr(f1, 99995, 10) from toasttest;
 substr 
--------
 567890
 567890
 567890
 567890
(4 rows)

DROP TABLE toasttest;
--
-- test substr with toasted bytea values
--
CREATE TABLE toasttest(f1 bytea);
insert into toasttest values(decode(repeat('1234567890',10000),'escape'));
insert into toasttest values(decode(repeat('1234567890',10000),'escape'));
--
-- Ensure that some values are uncompressed, to test the faster substring
-- operation used in that case
--
alter table toasttest alter column f1 set storage external;
insert into toasttest values(decode(repeat('1234567890',10000),'escape'));
insert into toasttest values(decode(repeat('1234567890',10000),'escape'));
-- If the starting position is zero or less, then return from the start of the string
-- adjusting the length to be consistent with the "negative start" per SQL92.
SELECT substr(f1, -1, 5) from toasttest;
 substr 
--------
 \x30
 \x30
 \x30
 \x30
(4 rows)

-- If the length is less than zero, an ERROR is thrown.
SELECT substr(f1, 5, -1) from toasttest;
 substr 
--------
 \x
 \x
 \x
 \x
(4 rows)

ERROR:  negative substring length not allowed
-- If no third argument (length) is provided, the length to the end of the
-- string is assumed.
SELECT substr(f1, 99995) from toasttest;
ERROR:  syntax error at or near "ERROR"
LINE 1: ERROR:  negative substring length not allowed
        ^
-- If start plus length is > string length, the result is truncated to
-- string length
SELECT substr(f1, 99995, 10) from toasttest;
     substr     
----------------
 \x353637383930
 \x353637383930
 \x353637383930
 \x353637383930
(4 rows)

DROP TABLE toasttest;
-----------------------------------------------------------------
--- retest with behavior_compat_options to 'pgformat_substr'
-----------------------------------------------------------------
set behavior_compat_options to 'pgformat_substr';
show behavior_compat_options;
 behavior_compat_options 
-------------------------
 pgformat_substr
(1 row)

CREATE TABLE toasttest(f1 text);
insert into toasttest values(repeat('1234567890',10000));
insert into toasttest values(repeat('1234567890',10000));
--
-- Ensure that some values are uncompressed, to test the faster substring
-- operation used in that case
--
alter table toasttest alter column f1 set storage external;
insert into toasttest values(repeat('1234567890',10000));
insert into toasttest values(repeat('1234567890',10000));
-- If the starting position is zero or less, then return from the start of the string
-- adjusting the length to be consistent with the "negative start" per SQL92.
SELECT substr(f1, -1, 5) from toasttest;
 substr 
--------
 123
 123
 123
 123
(4 rows)

-- If the length is less than zero, an ERROR is thrown.
SELECT substr(f1, 5, -1) from toasttest;
ERROR:  negative substring length not allowed
CONTEXT:  referenced column: substr
-- If no third argument (length) is provided, the length to the end of the
-- string is assumed.
SELECT substr(f1, 99995) from toasttest;
 substr 
--------
 567890
 567890
 567890
 567890
(4 rows)

-- If start plus length is > string length, the result is truncated to
-- string length
SELECT substr(f1, 99995, 10) from toasttest;
 substr 
--------
 567890
 567890
 567890
 567890
(4 rows)

DROP TABLE toasttest;
--
-- test substr with toasted bytea values
--
CREATE TABLE toasttest(f1 bytea);
insert into toasttest values(decode(repeat('1234567890',10000),'escape'));
insert into toasttest values(decode(repeat('1234567890',10000),'escape'));
--
-- Ensure that some values are uncompressed, to test the faster substring
-- operation used in that case
--
alter table toasttest alter column f1 set storage external;
insert into toasttest values(decode(repeat('1234567890',10000),'escape'));
insert into toasttest values(decode(repeat('1234567890',10000),'escape'));
-- If the starting position is zero or less, then return from the start of the string
-- adjusting the length to be consistent with the "negative start" per SQL92.
SELECT substr(f1, -1, 5) from toasttest;
 substr 
--------
 \x30
 \x30
 \x30
 \x30
(4 rows)

-- If the length is less than zero, an ERROR is thrown.
SELECT substr(f1, 5, -1) from toasttest;
 substr 
--------
 \x
 \x
 \x
 \x
(4 rows)

ERROR:  negative substring length not allowed
-- If no third argument (length) is provided, the length to the end of the
-- string is assumed.
SELECT substr(f1, 99995) from toasttest;
ERROR:  syntax error at or near "ERROR"
LINE 1: ERROR:  negative substring length not allowed
        ^
-- If start plus length is > string length, the result is truncated to
-- string length
SELECT substr(f1, 99995, 10) from toasttest;
     substr     
----------------
 \x353637383930
 \x353637383930
 \x353637383930
 \x353637383930
(4 rows)

DROP TABLE toasttest;
\c regression;
drop database IF EXISTS substr_pg_format;
