drop database if exists mysqllock;
NOTICE:  database "mysqllock" does not exist, skipping
create database mysqllock dbcompatibility 'b';
\c mysqllock
create extension dolphin;
--failed
select get_lock('slock',999999999999999999999999999999999999999999999.99999::numeric(50,5));
 get_lock 
----------
        1
(1 row)

--failed
select get_lock('slock',-999999999999999999999999999999999999999999999.99999::numeric(50,5));
 get_lock 
----------
        1
(1 row)

--failed
select get_lock('slock',-999999999999999999999999999999999999999999999999999999999999999999999999999999999999999999999999999999999999999999999);
 get_lock 
----------
        1
(1 row)

--failed
select get_lock('slock',999999999999999999999999999999999999999999999999999999999999999999999999999999999999999999999999999999999999999999999);
 get_lock 
----------
        1
(1 row)

select get_lock('slock',1.999999999999999999999999999999999999999999999999999999999999999999999999999999999999999999999999999999999999999999999::real);
 get_lock 
----------
        1
(1 row)

select get_lock('slock',1.999999999999999999999999999999999999999999999999999999999999999999999999999999999999999999999999999999999999999999999::double precision);
 get_lock 
----------
        1
(1 row)

select get_lock('slock',1.999999999999999999999999999999999999999999999999999999999999999999999999999999999999999999999999999999999999999999999::smallint);
 get_lock 
----------
        1
(1 row)

select get_lock('slock',1.999999999999999999999999999999999999999999999999999999999999999999999999999999999999999999999999999999999999999999999::integer);
 get_lock 
----------
        1
(1 row)

select get_lock('slock',1.999999999999999999999999999999999999999999999999999999999999999999999999999999999999999999999999999999999999999999999::decimal(10,5));
 get_lock 
----------
        1
(1 row)

select get_lock('slock',1.999999999999999999999999999999999999999999999999999999999999999999999999999999999999999999999999999999999999999999999::numeric(10,5));
 get_lock 
----------
        1
(1 row)

select get_lock('slock',-1.999999999999999999999999999999999999999999999999999999999999999999999999999999999999999999999999999999999999999999999::real);
 get_lock 
----------
        1
(1 row)

select get_lock('slock',-1.999999999999999999999999999999999999999999999999999999999999999999999999999999999999999999999999999999999999999999999::double precision);
 get_lock 
----------
        1
(1 row)

select get_lock('slock',-1.999999999999999999999999999999999999999999999999999999999999999999999999999999999999999999999999999999999999999999999::smallint);
 get_lock 
----------
        1
(1 row)

select get_lock('slock',-1.999999999999999999999999999999999999999999999999999999999999999999999999999999999999999999999999999999999999999999999::integer);
 get_lock 
----------
        1
(1 row)

select get_lock('slock',-1.999999999999999999999999999999999999999999999999999999999999999999999999999999999999999999999999999999999999999999999::decimal(10,5));
 get_lock 
----------
        1
(1 row)

select get_lock('slock',-1.999999999999999999999999999999999999999999999999999999999999999999999999999999999999999999999999999999999999999999999::numeric(10,5));
 get_lock 
----------
        1
(1 row)

\c postgres
drop database if exists mysqllock;
